
> innoad-frontend@2.0.0 construir
> ng build --configuration production

[33m❯[39m Building...
¿Desea terminar el trabajo por lotes (S/N)? 